An error occurred (AccessDeniedException) when calling the GetSecretValue operation: User: arn:aws-us-gov:sts::229685449397:assumed-role/csvd-ghe-runner-EcsTaskRole/5e409858140d4e96ada845c950388fff is not authorized to perform: secretsmanager:GetSecretValue on resource: /github-runners/csvd-ghe-runner/csvd-gh-runner because no identity-based policy allows the secretsmanager:GetSecretValue action
